{
        "action" : "program_submission",
        "output" : "\u03fa\ufffd",
        "program_url" : "https://github.com/Apress/beg-cpp/tree/master/9781484200087_Source_Code/Chapter%2012%20code/Chapter%2012/Ex12_06",
        "vsID" : "1191212287126685842117406688891163646834"
}

{"status": "successful", "vsID": "1191212287126685842117406688891163646834", "from": "128.120.237.147", "time": "Wed Dec  8 17:18:46 2021"}
lloydretro2@campus-048-203 ecs36b_SP_client % 
lloydretro2@campus-048-203 ecs36b_SP_client % 
lloydretro2@campus-048-203 ecs36b_SP_client % 
lloydretro2@campus-048-203 ecs36b_SP_client % 
lloydretro2@campus-048-203 ecs36b_SP_client % 
lloydretro2@campus-048-203 ecs36b_SP_client % 
lloydretro2@campus-048-203 ecs36b_SP_client % ./sp_client 169.237.6.102 95599 1191212287126685842117406688891163646834                 Hi, this is ecs36b program submission agent cyrus -- Wed Dec  8 17:18:50 2021
{
        "action" : "program_request",
        "vsID" : "1191212287126685842117406688891163646834"
}

{"status": "next program", "url": "https://github.com/Apress/beg-cpp/tree/master/9781484200087_Source_Code/Chapter%2012%20code/Chapter%2012/Ex12_06A", "vsID": "1191212287126685842117406688891163646834", "from": "128.120.237.147", "time": "Wed Dec  8 17:18:51 2021"}
lloydretro2@campus-048-203 ecs36b_SP_client % mkdir n16
lloydretro2@campus-048-203 ecs36b_SP_client % ./sp_client 169.237.6.102 95599 1191212287126685842117406688891163646834 https://github.com/Apress/beg-cpp/tree/master/9781484200087_Source_Code/Chapter%2012%20code/Chapter%2012/Ex12_06A n16/a.out 
Hi, this is ecs36b program submission agent cyrus -- Wed Dec  8 17:20:00 2021
{
        "action" : "program_submission",
        "output" : "\u03fa\ufffd",
        "program_url" : "https://github.com/Apress/beg-cpp/tree/master/9781484200087_Source_Code/Chapter%2012%20code/Chapter%2012/Ex12_06A",
        "vsID" : "1191212287126685842117406688891163646834"
}

{"status": "successful", "vsID": "1191212287126685842117406688891163646834", "from": "128.120.237.147", "time": "Wed Dec  8 17:20:00 2021"}
lloydretro2@campus-048-203 ecs36b_SP_client % 
lloydretro2@campus-048-203 ecs36b_SP_client % 
lloydretro2@campus-048-203 ecs36b_SP_client % 
lloydretro2@campus-048-203 ecs36b_SP_client % 
lloydretro2@campus-048-203 ecs36b_SP_client % 
lloydretro2@campus-048-203 ecs36b_SP_client % 
lloydretro2@campus-048-203 ecs36b_SP_client % ./sp_client 169.237.6.102 95599 1191212287126685842117406688891163646834                 Hi, this is ecs36b program submission agent cyrus -- Wed Dec  8 17:20:05 2021
{
        "action" : "program_request",
        "vsID" : "1191212287126685842117406688891163646834"
}

{"status": "next program", "url": "https://github.com/Apress/beg-cpp/tree/master/9781484200087_Source_Code/Chapter%2012%20code/Chapter%2012/Ex12_07", "vsID": "1191212287126685842117406688891163646834", "from": "128.120.237.147", "time": "Wed Dec  8 17:20:05 2021"}
lloydretro2@campus-048-203 ecs36b_SP_client % mkdir n17
lloydretro2@campus-048-203 ecs36b_SP_client % ./sp_client 169.237.6.102 95599 1191212287126685842117406688891163646834 https://github.com/Apress/beg-cpp/tree/master/9781484200087_Source_Code/Chapter%2012%20code/Chapter%2012/Ex12_07 n17/a.out 
Hi, this is ecs36b program submission agent cyrus -- Wed Dec  8 17:22:34 2021
{
        "action" : "program_submission",
        "output" : "\u03fa\ufffd",
        "program_url" : "https://github.com/Apress/beg-cpp/tree/master/9781484200087_Source_Code/Chapter%2012%20code/Chapter%2012/Ex12_07",
        "vsID" : "1191212287126685842117406688891163646834"
}

{"status": "successful", "vsID": "1191212287126685842117406688891163646834", "from": "128.120.237.147", "time": "Wed Dec  8 17:22:34 2021"}
lloydretro2@campus-048-203 ecs36b_SP_client % ./sp_client 169.237.6.102 95599 1191212287126685842117406688891163646834                 Hi, this is ecs36b program submission agent cyrus -- Wed Dec  8 17:22:38 2021
{
        "action" : "program_request",
        "vsID" : "1191212287126685842117406688891163646834"
}

{"status": "next program", "url": "https://github.com/Apress/beg-cpp/tree/master/9781484200087_Source_Code/Chapter%2012%20code/Chapter%2012/Ex12_08", "vsID": "1191212287126685842117406688891163646834", "from": "128.120.237.147", "time": "Wed Dec  8 17:22:38 2021"}
lloydretro2@campus-048-203 ecs36b_SP_client % mkdir n18
lloydretro2@campus-048-203 ecs36b_SP_client % ./sp_client 169.237.6.102 95599 1191212287126685842117406688891163646834 https://github.com/Apress/beg-cpp/tree/master/9781484200087_Source_Code/Chapter%2012%20code/Chapter%2012/Ex12_08 n18/a.out 
Hi, this is ecs36b program submission agent cyrus -- Wed Dec  8 17:24:16 2021
{
        "action" : "program_submission",
        "output" : "\u03fa\ufffd",
        "program_url" : "https://github.com/Apress/beg-cpp/tree/master/9781484200087_Source_Code/Chapter%2012%20code/Chapter%2012/Ex12_08",
        "vsID" : "1191212287126685842117406688891163646834"
}

{"status": "successful", "vsID": "1191212287126685842117406688891163646834", "from": "128.120.237.147", "time": "Wed Dec  8 17:24:16 2021"}
lloydretro2@campus-048-203 ecs36b_SP_client % 
lloydretro2@campus-048-203 ecs36b_SP_client % 
lloydretro2@campus-048-203 ecs36b_SP_client % 
lloydretro2@campus-048-203 ecs36b_SP_client % 
lloydretro2@campus-048-203 ecs36b_SP_client % 
lloydretro2@campus-048-203 ecs36b_SP_client % 
lloydretro2@campus-048-203 ecs36b_SP_client % 
lloydretro2@campus-048-203 ecs36b_SP_client % 
lloydretro2@campus-048-203 ecs36b_SP_client % mkdir n18                                                  mkdir: n18: File exists
lloydretro2@campus-048-203 ecs36b_SP_client % ./sp_client 169.237.6.102 95599 1191212287126685842117406688891163646834                 Hi, this is ecs36b program submission agent cyrus -- Wed Dec  8 17:24:23 2021
{
        "action" : "program_request",
        "vsID" : "1191212287126685842117406688891163646834"
}

{"status": "next program", "url": "https://github.com/Apress/beg-cpp/tree/master/9781484200087_Source_Code/Chapter%2013%20code/Chapter%2013/Ex13_01", "vsID": "1191212287126685842117406688891163646834", "from": "128.120.237.147", "time": "Wed Dec  8 17:24:23 2021"}
lloydretro2@campus-048-203 ecs36b_SP_client % mkdir n19
lloydretro2@campus-048-203 ecs36b_SP_client % ./sp_client 169.237.6.102 95599 1191212287126685842117406688891163646834 https://github.com/Apress/beg-cpp/tree/master/9781484200087_Source_Code/Chapter%2013%20code/Chapter%2013/Ex13_01 n19/a.out 
Hi, this is ecs36b program submission agent cyrus -- Wed Dec  8 17:26:14 2021
{
        "action" : "program_submission",
        "output" : "\u03fa\ufffd",
        "program_url" : "https://github.com/Apress/beg-cpp/tree/master/9781484200087_Source_Code/Chapter%2013%20code/Chapter%2013/Ex13_01",
        "vsID" : "1191212287126685842117406688891163646834"
}

{"status": "mismatched", "vsID": "1191212287126685842117406688891163646834", "from": "128.120.237.147", "time": "Wed Dec  8 17:26:14 2021"}
lloydretro2@campus-048-203 ecs36b_SP_client % ./sp_client 169.237.6.102 95599 1191212287126685842117406688891163646834 https://github.com/Apress/beg-cpp/tree/master/9781484200087_Source_Code/Chapter%2013%20code/Chapter%2013/Ex13_01 n19/a.out 
Hi, this is ecs36b program submission agent cyrus -- Wed Dec  8 17:27:22 2021
{
        "action" : "program_submission",
        "output" : "\u03fa\ufffd",
        "program_url" : "https://github.com/Apress/beg-cpp/tree/master/9781484200087_Source_Code/Chapter%2013%20code/Chapter%2013/Ex13_01",
        "vsID" : "1191212287126685842117406688891163646834"
}

{"status": "mismatched", "vsID": "1191212287126685842117406688891163646834", "from": "128.120.237.147", "time": "Wed Dec  8 17:27:22 2021"}
lloydretro2@campus-048-203 ecs36b_SP_client % ./sp_client 169.237.6.102 95599 1191212287126685842117406688891163646834 https://github.com/Apress/beg-cpp/tree/master/9781484200087_Source_Code/Chapter%2013%20code/Chapter%2013/Ex13_01 n19/a.out
Hi, this is ecs36b program submission agent cyrus -- Wed Dec  8 17:28:42 2021
{
        "action" : "program_submission",
        "output" : "\u03fa\ufffd",
        "program_url" : "https://github.com/Apress/beg-cpp/tree/master/9781484200087_Source_Code/Chapter%2013%20code/Chapter%2013/Ex13_01",
        "vsID" : "1191212287126685842117406688891163646834"
}

{"status": "mismatched", "vsID": "1191212287126685842117406688891163646834", "from": "128.120.237.147", "time": "Wed Dec  8 17:28:42 2021"}
lloydretro2@campus-048-203 ecs36b_SP_client % ./sp_client 169.237.6.102 95599 1191212287126685842117406688891163646834 https://github.com/Apress/beg-cpp/tree/master/9781484200087_Source_Code/Chapter%2013%20code/Chapter%2013/Ex13_01 n19/a.out 
Hi, this is ecs36b program submission agent cyrus -- Wed Dec  8 17:30:23 2021
{
        "action" : "program_submission",
        "output" : "\u03fa\ufffd",
        "program_url" : "https://github.com/Apress/beg-cpp/tree/master/9781484200087_Source_Code/Chapter%2013%20code/Chapter%2013/Ex13_01",
        "vsID" : "1191212287126685842117406688891163646834"
}

{"status": "mismatched", "vsID": "1191212287126685842117406688891163646834", "from": "128.120.237.147", "time": "Wed Dec  8 17:30:24 2021"}
lloydretro2@campus-048-203 ecs36b_SP_client % ./sp_client 169.237.6.102 95599 1191212287126685842117406688891163646834                 Hi, this is ecs36b program submission agent cyrus -- Wed Dec  8 17:30:59 2021
{
        "action" : "program_request",
        "vsID" : "1191212287126685842117406688891163646834"
}

{"status": "next program", "url": "https://github.com/Apress/beg-cpp/tree/master/9781484200087_Source_Code/Chapter%2013%20code/Chapter%2013/Ex13_01", "vsID": "1191212287126685842117406688891163646834", "from": "128.120.237.147", "time": "Wed Dec  8 17:30:59 2021"}
lloydretro2@campus-048-203 ecs36b_SP_client % ./sp_client 169.237.6.102 95599 1191212287126685842117406688891163646834 https://github.com/Apress/beg-cpp/tree/master/9781484200087_Source_Code/Chapter%2013%20code/Chapter%2013/Ex13_01 n19/a.out
Hi, this is ecs36b program submission agent cyrus -- Wed Dec  8 17:33:31 2021
{
        "action" : "program_submission",
        "output" : "\u03fa\ufffd",
        "program_url" : "https://github.com/Apress/beg-cpp/tree/master/9781484200087_Source_Code/Chapter%2013%20code/Chapter%2013/Ex13_01",
        "vsID" : "1191212287126685842117406688891163646834"
}

{"status": "mismatched", "vsID": "1191212287126685842117406688891163646834", "from": "128.120.237.147", "time": "Wed Dec  8 17:33:31 2021"}
lloydretro2@campus-048-203 ecs36b_SP_client % ./sp_client 169.237.6.102 95599 1191212287126685842117406688891163646834 https://github.com/Apress/beg-cpp/tree/master/9781484200087_Source_Code/Chapter%2013%20code/Chapter%2013/Ex13_01 n19/a.out
Hi, this is ecs36b program submission agent cyrus -- Wed Dec  8 17:42:23 2021
{
        "action" : "program_submission",
        "output" : "\u03fa\ufffd",
        "program_url" : "https://github.com/Apress/beg-cpp/tree/master/9781484200087_Source_Code/Chapter%2013%20code/Chapter%2013/Ex13_01",
        "vsID" : "1191212287126685842117406688891163646834"
}

{"status": "mismatched", "vsID": "1191212287126685842117406688891163646834", "from": "128.120.237.147", "time": "Wed Dec  8 17:42:23 2021"}
lloydretro2@campus-048-203 ecs36b_SP_client % ./sp_client 169.237.6.102 95599 1191212287126685842117406688891163646834                 Hi, this is ecs36b program submission agent cyrus -- Wed Dec  8 17:42:26 2021
{
        "action" : "program_request",
        "vsID" : "1191212287126685842117406688891163646834"
}

{"status": "next program", "url": "https://github.com/Apress/beg-cpp/tree/master/9781484200087_Source_Code/Chapter%2013%20code/Chapter%2013/Ex13_01", "vsID": "1191212287126685842117406688891163646834", "from": "128.120.237.147", "time": "Wed Dec  8 17:42:26 2021"}
lloydretro2@campus-048-203 ecs36b_SP_client % ./sp_client 169.237.6.102 95599 1191212287126685842117406688891163646834 https://github.com/Apress/beg-cpp/tree/master/9781484200087_Source_Code/Chapter%2013%20code/Chapter%2013/Ex13_01 n19/a.out
Hi, this is ecs36b program submission agent cyrus -- Wed Dec  8 17:43:59 2021
{
        "action" : "program_submission",
        "output" : "\u03fa\ufffd",
        "program_url" : "https://github.com/Apress/beg-cpp/tree/master/9781484200087_Source_Code/Chapter%2013%20code/Chapter%2013/Ex13_01",
        "vsID" : "1191212287126685842117406688891163646834"
}

{"status": "mismatched", "vsID": "1191212287126685842117406688891163646834", "from": "128.120.237.147", "time": "Wed Dec  8 17:43:59 2021"}
lloydretro2@campus-048-203 ecs36b_SP_client % ./sp_client 169.237.6.102 95599 1191212287126685842117406688891163646834                 Hi, this is ecs36b program submission agent cyrus -- Wed Dec  8 17:49:56 2021
{
        "action" : "program_request",
        "vsID" : "1191212287126685842117406688891163646834"
}

{"status": "next program", "url": "https://github.com/Apress/beg-cpp/tree/master/9781484200087_Source_Code/Chapter%2013%20code/Chapter%2013/Ex13_01", "vsID": "1191212287126685842117406688891163646834", "from": "128.120.237.147", "time": "Wed Dec  8 17:49:56 2021"}
lloydretro2@campus-048-203 ecs36b_SP_client % ./sp_client 169.237.6.102 95599 1191212287126685842117406688891163646834 https://github.com/Apress/beg-cpp/tree/master/9781484200087_Source_Code/Chapter%2013%20code/Chapter%2013/Ex13_01 n19/a.out 
Hi, this is ecs36b program submission agent cyrus -- Wed Dec  8 17:51:52 2021
{
        "action" : "program_submission",
        "output" : "\u03fa\ufffd",
        "program_url" : "https://github.com/Apress/beg-cpp/tree/master/9781484200087_Source_Code/Chapter%2013%20code/Chapter%2013/Ex13_01",
        "vsID" : "1191212287126685842117406688891163646834"
}

{"status": "mismatched", "vsID": "1191212287126685842117406688891163646834", "from": "128.120.237.147", "time": "Wed Dec  8 17:51:52 2021"}
lloydretro2@campus-048-203 ecs36b_SP_client % ./sp_client 169.237.6.102 95599 1191212287126685842117406688891163646834                 Hi, this is ecs36b program submission agent cyrus -- Wed Dec  8 17:53:55 2021
{
        "action" : "program_request",
        "vsID" : "1191212287126685842117406688891163646834"
}

{"status": "next program", "url": "https://github.com/Apress/beg-cpp/tree/master/9781484200087_Source_Code/Chapter%2013%20code/Chapter%2013/Ex13_01", "vsID": "1191212287126685842117406688891163646834", "from": "128.120.237.147", "time": "Wed Dec  8 17:53:55 2021"}
lloydretro2@campus-048-203 ecs36b_SP_client % ./sp_client 169.237.6.102 95599 1191212287126685842117406688891163646834                 Hi, this is ecs36b program submission agent cyrus -- Wed Dec  8 18:00:15 2021
{
        "action" : "program_request",
        "vsID" : "1191212287126685842117406688891163646834"
}

{"status": "next program", "url": "https://github.com/Apress/beg-cpp/tree/master/9781484200087_Source_Code/Chapter%2013%20code/Chapter%2013/Ex13_01", "vsID": "1191212287126685842117406688891163646834", "from": "128.120.237.147", "time": "Wed Dec  8 18:00:15 2021"}
lloydretro2@campus-048-203 ecs36b_SP_client % ./sp_client 169.237.6.102 95599 1191212287126685842117406688891163646834 https://github.com/Apress/beg-cpp/tree/master/9781484200087_Source_Code/Chapter%2013%20code/Chapter%2013/Ex13_01 n19/a.out 
Hi, this is ecs36b program submission agent cyrus -- Wed Dec  8 18:04:18 2021
{
        "action" : "program_submission",
        "output" : "\u03fa\ufffd",
        "program_url" : "https://github.com/Apress/beg-cpp/tree/master/9781484200087_Source_Code/Chapter%2013%20code/Chapter%2013/Ex13_01",
        "vsID" : "1191212287126685842117406688891163646834"
}

{"status": "mismatched", "vsID": "1191212287126685842117406688891163646834", "from": "128.120.237.147", "time": "Wed Dec  8 18:04:18 2021"}
lloydretro2@campus-048-203 ecs36b_SP_client % ./sp_client 169.237.6.102 95599 1191212287126685842117406688891163646834 https://github.com/Apress/beg-cpp/tree/master/9781484200087_Source_Code/Chapter%2013%20code/Chapter%2013/Ex13_01 n19/a.out

 Error : Connect Failed 
lloydretro2@campus-048-203 ecs36b_SP_client % ./sp_client 169.237.6.102 95599 1191212287126685842117406688891163646834 https://github.com/Apress/beg-cpp/tree/master/9781484200087_Source_Code/Chapter%2013%20code/Chapter%2013/Ex13_01 n19/a.out
Hi, this is ecs36b program submission agent cyrus -- Wed Dec  8 19:33:02 2021
{
        "action" : "program_submission",
        "output" : "\u03fa\ufffd",
        "program_url" : "https://github.com/Apress/beg-cpp/tree/master/9781484200087_Source_Code/Chapter%2013%20code/Chapter%2013/Ex13_01",
        "vsID" : "1191212287126685842117406688891163646834"
}

{"status": "mismatched", "vsID": "1191212287126685842117406688891163646834", "from": "128.120.237.147", "time": "Wed Dec  8 19:33:02 2021"}
lloydretro2@campus-048-203 ecs36b_SP_client % ./sp_client 169.237.6.102 95599 1191212287126685842117406688891163646834     Hi, this is ecs36b program submission agent cyrus -- Wed Dec  8 19:33:12 2021
{
        "action" : "program_request",
        "vsID" : "1191212287126685842117406688891163646834"
}

{"status": "next program", "url": "https://github.com/Apress/beg-cpp/tree/master/9781484200087_Source_Code/Chapter%2013%20code/Chapter%2013/Ex13_01", "vsID": "1191212287126685842117406688891163646834", "from": "128.120.237.147", "time": "Wed Dec  8 19:33:12 2021"}
lloydretro2@campus-048-203 ecs36b_SP_client % ./sp_client 169.237.6.102 95599 1191212287126685842117406688891163646834 https://github.com/Apress/beg-cpp/tree/master/9781484200087_Source_Code/Chapter%2013%20code/Chapter%2013/Ex13_01 n19/a.out
Hi, this is ecs36b program submission agent cyrus -- Wed Dec  8 19:34:37 2021
{
        "action" : "program_submission",
        "output" : "\u03fa\ufffd",
        "program_url" : "https://github.com/Apress/beg-cpp/tree/master/9781484200087_Source_Code/Chapter%2013%20code/Chapter%2013/Ex13_01",
        "vsID" : "1191212287126685842117406688891163646834"
}

{"status": "mismatched", "vsID": "1191212287126685842117406688891163646834", "from": "128.120.237.147", "time": "Wed Dec  8 19:34:37 2021"}
lloydretro2@campus-048-203 ecs36b_SP_client % ./sp_client 169.237.6.102 95599 1191212287126685842117406688891163646834 https://github.com/Apress/beg-cpp/tree/master/9781484200087_Source_Code/Chapter%2013%20code/Chapter%2013/Ex13_01", "vsID": "1191212287126685842117406688891163646834 n19/a.out 
Hi, this is ecs36b program submission agent cyrus -- Wed Dec  8 19:44:28 2021
{
        "action" : "program_submission",
        "output" : "\u03fa\ufffd",
        "program_url" : "https://github.com/Apress/beg-cpp/tree/master/9781484200087_Source_Code/Chapter%2013%20code/Chapter%2013/Ex13_01, vsID: 1191212287126685842117406688891163646834",
        "vsID" : "1191212287126685842117406688891163646834"
}

{"status": "Failed", "rc": "-9", "time": "Wed Dec  8 19:44:28 2021"}
lloydretro2@campus-048-203 ecs36b_SP_client % ./sp_client 169.237.6.102 95599 1191212287126685842117406688891163646834 https://github.com/Apress/beg-cpp/tree/master/9781484200087_Source_Code/Chapter%2013%20code/Chapter%2013/Ex13_01 n19/a.out                                                   
Hi, this is ecs36b program submission agent cyrus -- Wed Dec  8 19:44:55 2021
{
        "action" : "program_submission",
        "output" : "\u03fa\ufffd",
        "program_url" : "https://github.com/Apress/beg-cpp/tree/master/9781484200087_Source_Code/Chapter%2013%20code/Chapter%2013/Ex13_01",
        "vsID" : "1191212287126685842117406688891163646834"
}

{"status": "mismatched", "vsID": "1191212287126685842117406688891163646834", "from": "128.120.237.147", "time": "Wed Dec  8 19:44:55 2021"}
lloydretro2@campus-048-203 ecs36b_SP_client % 
lloydretro2@campus-048-203 ecs36b_SP_client % 
lloydretro2@campus-048-203 ecs36b_SP_client % 
lloydretro2@campus-048-203 ecs36b_SP_client % 
lloydretro2@campus-048-203 ecs36b_SP_client % 
lloydretro2@campus-048-203 ecs36b_SP_client % 
lloydretro2@campus-048-203 ecs36b_SP_client % 
lloydretro2@campus-048-203 ecs36b_SP_client % 
lloydretro2@campus-048-203 ecs36b_SP_client % 
lloydretro2@campus-048-203 ecs36b_SP_client % 
lloydretro2@campus-048-203 ecs36b_SP_client % 
lloydretro2@campus-048-203 ecs36b_SP_client % 
lloydretro2@campus-048-203 ecs36b_SP_client % ./sp_client 169.237.6.102 95599 1191212287126685842117406688891163646834     Hi, this is ecs36b program submission agent cyrus -- Wed Dec  8 19:56:07 2021
{
        "action" : "program_request",
        "vsID" : "1191212287126685842117406688891163646834"
}

{"status": "next program", "url": "https://github.com/Apress/beg-cpp/tree/master/9781484200087_Source_Code/Chapter%2013%20code/Chapter%2013/Ex13_01", "vsID": "1191212287126685842117406688891163646834", "from": "128.120.237.147", "time": "Wed Dec  8 19:56:07 2021"}
lloydretro2@campus-048-203 ecs36b_SP_client % ./sp_client 169.237.6.102 95599 1191212287126685842117406688891163646834 https://github.com/Apress/beg-cpp/blob/master/9781484200087_Source_Code/Chapter%2013%20code/Chapter%2013/Ex13_01/Ex13_01.cpp n19/a.out 
Hi, this is ecs36b program submission agent cyrus -- Wed Dec  8 19:58:09 2021
{
        "action" : "program_submission",
        "output" : "\u03fa\ufffd",
        "program_url" : "https://github.com/Apress/beg-cpp/blob/master/9781484200087_Source_Code/Chapter%2013%20code/Chapter%2013/Ex13_01/Ex13_01.cpp",
        "vsID" : "1191212287126685842117406688891163646834"
}

{"status": "mismatched", "vsID": "1191212287126685842117406688891163646834", "from": "128.120.237.147", "time": "Wed Dec  8 19:58:09 2021"}
lloydretro2@campus-048-203 ecs36b_SP_client % ./sp_client 169.237.6.102 95599 1191212287126685842117406688891163646834 https://github.com/Apress/beg-cpp/blob/master/9781484200087_Source_Code/Chapter%2013%20code/Chapter%2013/Ex13_01/Ex13_01.cpp n19/my.output 
Hi, this is ecs36b program submission agent cyrus -- Wed Dec  8 19:58:33 2021
{
        "action" : "program_submission",
        "output" : "box occupies 24 bytes\ncarton occupies 48 bytes\ncandyCarton occupies 48 bytes\nbox volume is 24000\ncarton volume is 1\ncandyCarton volume is 1\ncandyCarton length is 1\n",
        "program_url" : "https://github.com/Apress/beg-cpp/blob/master/9781484200087_Source_Code/Chapter%2013%20code/Chapter%2013/Ex13_01/Ex13_01.cpp",
        "vsID" : "1191212287126685842117406688891163646834"
}

{"status": "mismatched", "vsID": "1191212287126685842117406688891163646834", "from": "128.120.237.147", "time": "Wed Dec  8 19:58:33 2021"}
lloydretro2@campus-048-203 ecs36b_SP_client % 
lloydretro2@campus-048-203 ecs36b_SP_client % 
lloydretro2@campus-048-203 ecs36b_SP_client % 
lloydretro2@campus-048-203 ecs36b_SP_client % 
lloydretro2@campus-048-203 ecs36b_SP_client % 
lloydretro2@campus-048-203 ecs36b_SP_client % 
lloydretro2@campus-048-203 ecs36b_SP_client % 
lloydretro2@campus-048-203 ecs36b_SP_client % 
lloydretro2@campus-048-203 ecs36b_SP_client % 
lloydretro2@campus-048-203 ecs36b_SP_client % 
lloydretro2@campus-048-203 ecs36b_SP_client % 
lloydretro2@campus-048-203 ecs36b_SP_client % ./sp_client 169.237.6.102 95599 1191212287126685842117406688891163646834     Hi, this is ecs36b program submission agent cyrus -- Wed Dec  8 20:02:33 2021
{
        "action" : "program_request",
        "vsID" : "1191212287126685842117406688891163646834"
}

{"status": "next program", "url": "https://github.com/Apress/beg-cpp/tree/master/9781484200087_Source_Code/Chapter%2013%20code/Chapter%2013/Ex13_01", "vsID": "1191212287126685842117406688891163646834", "from": "128.120.237.147", "time": "Wed Dec  8 20:02:33 2021"}
lloydretro2@campus-048-203 ecs36b_SP_client % ./sp_client 169.237.6.102 95599 1191212287126685842117406688891163646834 https://github.com/Apress/beg-cpp/tree/master/9781484200087_Source_Code/Chapter%2013%20code/Chapter%2013/Ex13_01 n19/a.out 
Hi, this is ecs36b program submission agent cyrus -- Wed Dec  8 20:03:11 2021
{
        "action" : "program_submission",
        "output" : "\u03fa\ufffd",
        "program_url" : "https://github.com/Apress/beg-cpp/tree/master/9781484200087_Source_Code/Chapter%2013%20code/Chapter%2013/Ex13_01",
        "vsID" : "1191212287126685842117406688891163646834"
}

{"status": "mismatched", "vsID": "1191212287126685842117406688891163646834", "from": "128.120.237.147", "time": "Wed Dec  8 20:03:11 2021"}
lloydretro2@campus-048-203 ecs36b_SP_client % ./sp_client 169.237.6.102 95599 1191212287126685842117406688891163646834     Hi, this is ecs36b program submission agent cyrus -- Wed Dec  8 20:08:51 2021
{
        "action" : "program_request",
        "vsID" : "1191212287126685842117406688891163646834"
}

{"status": "next program", "url": "https://github.com/Apress/beg-cpp/tree/master/9781484200087_Source_Code/Chapter%2013%20code/Chapter%2013/Ex13_01", "vsID": "1191212287126685842117406688891163646834", "from": "128.120.237.147", "time": "Wed Dec  8 20:08:51 2021"}
lloydretro2@campus-048-203 ecs36b_SP_client % mkdir n19
lloydretro2@campus-048-203 ecs36b_SP_client % ./sp_client 169.237.6.102 95599 1191212287126685842117406688891163646834 https://github.com/Apress/beg-cpp/tree/master/9781484200087_Source_Code/Chapter%2013%20code/Chapter%2013/Ex13_01 n19/a.out
Hi, this is ecs36b program submission agent cyrus -- Wed Dec  8 20:10:43 2021
{
        "action" : "program_submission",
        "output" : "\u03fa\ufffd",
        "program_url" : "https://github.com/Apress/beg-cpp/tree/master/9781484200087_Source_Code/Chapter%2013%20code/Chapter%2013/Ex13_01",
        "vsID" : "1191212287126685842117406688891163646834"
}

{"status": "mismatched", "vsID": "1191212287126685842117406688891163646834", "from": "128.120.237.147", "time": "Wed Dec  8 20:10:43 2021"}
lloydretro2@campus-048-203 ecs36b_SP_client % ./sp_client 169.237.6.102 95599 1191212287126685842117406688891163646834    Hi, this is ecs36b program submission agent cyrus -- Wed Dec  8 20:18:14 2021
{
        "action" : "program_request",
        "vsID" : "1191212287126685842117406688891163646834"
}

{"status": "next program", "url": "https://github.com/Apress/beg-cpp/tree/master/9781484200087_Source_Code/Chapter%2013%20code/Chapter%2013/Ex13_01", "vsID": "1191212287126685842117406688891163646834", "from": "128.120.237.147", "time": "Wed Dec  8 20:18:14 2021"}
lloydretro2@campus-048-203 ecs36b_SP_client % ./sp_client 169.237.6.102 95599 1191212287126685842117406688891163646834
Hi, this is ecs36b program submission agent cyrus -- Wed Dec  8 20:25:09 2021
{
        "action" : "program_request",
        "vsID" : "1191212287126685842117406688891163646834"
}

{"status": "next program", "url": "https://github.com/Apress/beg-cpp/tree/master/9781484200087_Source_Code/Chapter%2013%20code/Chapter%2013/Ex13_01A", "vsID": "1191212287126685842117406688891163646834", "from": "128.120.237.147", "time": "Wed Dec  8 20:25:09 2021"}
lloydretro2@campus-048-203 ecs36b_SP_client % mkdir n20
lloydretro2@campus-048-203 ecs36b_SP_client % ./sp_client 169.237.6.102 95599 1191212287126685842117406688891163646834 https://github.com/Apress/beg-cpp/tree/master/9781484200087_Source_Code/Chapter%2013%20code/Chapter%2013/Ex13_01A n20/a.out 
Hi, this is ecs36b program submission agent cyrus -- Wed Dec  8 20:26:56 2021
{
        "action" : "program_submission",
        "output" : "\u03fa\ufffd",
        "program_url" : "https://github.com/Apress/beg-cpp/tree/master/9781484200087_Source_Code/Chapter%2013%20code/Chapter%2013/Ex13_01A",
        "vsID" : "1191212287126685842117406688891163646834"
}

{"status": "mismatched", "vsID": "1191212287126685842117406688891163646834", "from": "128.120.237.147", "time": "Wed Dec  8 20:26:56 2021"}
lloydretro2@campus-048-203 ecs36b_SP_client % ./sp_client 169.237.6.102 95599 1191212287126685842117406688891163646834 https://github.com/Apress/beg-cpp/tree/master/9781484200087_Source_Code/Chapter%2013%20code/Chapter%2013/Ex13_01A n20/a.out
Hi, this is ecs36b program submission agent cyrus -- Wed Dec  8 20:27:55 2021
{
        "action" : "program_submission",
        "output" : "\u03fa\ufffd",
        "program_url" : "https://github.com/Apress/beg-cpp/tree/master/9781484200087_Source_Code/Chapter%2013%20code/Chapter%2013/Ex13_01A",
        "vsID" : "1191212287126685842117406688891163646834"
}

{"status": "mismatched", "vsID": "1191212287126685842117406688891163646834", "from": "128.120.237.147", "time": "Wed Dec  8 20:27:56 2021"}
lloydretro2@campus-048-203 ecs36b_SP_client % ./sp_client 169.237.6.102 95599 1191212287126685842117406688891163646834 https://github.com/Apress/beg-cpp/tree/master/9781484200087_Source_Code/Chapter%2013%20code/Chapter%2013/Ex13_01A n20/a.out
Hi, this is ecs36b program submission agent cyrus -- Wed Dec  8 20:28:27 2021
{
        "action" : "program_submission",
        "output" : "\u03fa\ufffd",
        "program_url" : "https://github.com/Apress/beg-cpp/tree/master/9781484200087_Source_Code/Chapter%2013%20code/Chapter%2013/Ex13_01A",
        "vsID" : "1191212287126685842117406688891163646834"
}

{"status": "mismatched", "vsID": "1191212287126685842117406688891163646834", "from": "128.120.237.147", "time": "Wed Dec  8 20:28:27 2021"}
lloydretro2@campus-048-203 ecs36b_SP_client % ./sp_client 169.237.6.102 95599 1191212287126685842117406688891163646834 https://github.com/Apress/beg-cpp/tree/master/9781484200087_Source_Code/Chapter%2013%20code/Chapter%2013/Ex13_01A n20/a.out 
Hi, this is ecs36b program submission agent cyrus -- Wed Dec  8 20:36:02 2021
{
        "action" : "program_submission",
        "output" : "\u03fa\ufffd",
        "program_url" : "https://github.com/Apress/beg-cpp/tree/master/9781484200087_Source_Code/Chapter%2013%20code/Chapter%2013/Ex13_01A",
        "vsID" : "1191212287126685842117406688891163646834"
}

{"status": "mismatched", "vsID": "1191212287126685842117406688891163646834", "from": "128.120.237.147", "time": "Wed Dec  8 20:36:02 2021"}
lloydretro2@campus-048-203 ecs36b_SP_client % ./sp_client 169.237.6.102 95599 1191212287126685842117406688891163646834 https://github.com/Apress/beg-cpp/tree/master/9781484200087_Source_Code/Chapter%2013%20code/Chapter%2013/Ex13_01A n20/my.output 
Hi, this is ecs36b program submission agent cyrus -- Wed Dec  8 20:44:18 2021
{
        "action" : "program_submission",
        "output" : "box occupies 24 bytes\ncarton occupies 48 bytes\ncandyCarton occupies 48 bytes\nbox volume is 24000\ncarton volume is 1\ncandyCarton volume is 1\n",
        "program_url" : "https://github.com/Apress/beg-cpp/tree/master/9781484200087_Source_Code/Chapter%2013%20code/Chapter%2013/Ex13_01A",
        "vsID" : "1191212287126685842117406688891163646834"
}

{"status": "successful", "vsID": "1191212287126685842117406688891163646834", "from": "128.120.237.147", "time": "Wed Dec  8 20:44:18 2021"}
lloydretro2@campus-048-203 ecs36b_SP_client % ./sp_client 169.237.6.102 95599 1191212287126685842117406688891163646834    Hi, this is ecs36b program submission agent cyrus -- Wed Dec  8 20:44:27 2021
{
        "action" : "program_request",
        "vsID" : "1191212287126685842117406688891163646834"
}

{"status": "next program", "url": "https://github.com/Apress/beg-cpp/tree/master/9781484200087_Source_Code/Chapter%2013%20code/Chapter%2013/Ex13_02", "vsID": "1191212287126685842117406688891163646834", "from": "128.120.237.147", "time": "Wed Dec  8 20:44:27 2021"}
lloydretro2@campus-048-203 ecs36b_SP_client % mkdir n21
lloydretro2@campus-048-203 ecs36b_SP_client % ./sp_client 169.237.6.102 95599 1191212287126685842117406688891163646834 https://github.com/Apress/beg-cpp/tree/master/9781484200087_Source_Code/Chapter%2013%20code/Chapter%2013/Ex13_02 n21/my.output 
Hi, this is ecs36b program submission agent cyrus -- Wed Dec  8 20:47:12 2021
{
        "action" : "program_submission",
        "output" : "Box() called.\nCarton() called.\nBox() called.\nCarton(string) called.\nBox(double, double, double) called.\nCarton(double,double,double,string) called.\nBox(double, double, double) called.\nBox(double) called.\nCarton(double,string) called.\ncarton1 volume is 1\ncarton2 volume is 1\ncarton3 volume is 120\ncarton4 volume is 8\n",
        "program_url" : "https://github.com/Apress/beg-cpp/tree/master/9781484200087_Source_Code/Chapter%2013%20code/Chapter%2013/Ex13_02",
        "vsID" : "1191212287126685842117406688891163646834"
}

{"status": "successful", "vsID": "1191212287126685842117406688891163646834", "from": "128.120.237.147", "time": "Wed Dec  8 20:47:12 2021"}
lloydretro2@campus-048-203 ecs36b_SP_client % ./sp_client 169.237.6.102 95599 1191212287126685842117406688891163646834    Hi, this is ecs36b program submission agent cyrus -- Wed Dec  8 20:47:16 2021
{
        "action" : "program_request",
        "vsID" : "1191212287126685842117406688891163646834"
}

{"status": "next program", "url": "https://github.com/Apress/beg-cpp/tree/master/9781484200087_Source_Code/Chapter%2013%20code/Chapter%2013/Ex13_03", "vsID": "1191212287126685842117406688891163646834", "from": "128.120.237.147", "time": "Wed Dec  8 20:47:16 2021"}
lloydretro2@campus-048-203 ecs36b_SP_client % mkdir n22                                                                
lloydretro2@campus-048-203 ecs36b_SP_client % ./sp_client 169.237.6.102 95599 1191212287126685842117406688891163646834 https://github.com/Apress/beg-cpp/tree/master/9781484200087_Source_Code/Chapter%2013%20code/Chapter%2013/Ex13_03 n22/my.output 
Hi, this is ecs36b program submission agent cyrus -- Wed Dec  8 20:50:29 2021
{
        "action" : "program_submission",
        "output" : "Box(double, double, double) called.\nCarton(double,double,double,string) called.\nBox() called.\nCarton copy constructor\nVolume of carton is 24000\nVolume of cartonCopy is 1\n",
        "program_url" : "https://github.com/Apress/beg-cpp/tree/master/9781484200087_Source_Code/Chapter%2013%20code/Chapter%2013/Ex13_03",
        "vsID" : "1191212287126685842117406688891163646834"
}

{"status": "successful", "vsID": "1191212287126685842117406688891163646834", "from": "128.120.237.147", "time": "Wed Dec  8 20:50:29 2021"}
lloydretro2@campus-048-203 ecs36b_SP_client % ./sp_client 169.237.6.102 95599 1191212287126685842117406688891163646834    Hi, this is ecs36b program submission agent cyrus -- Wed Dec  8 20:50:34 2021
{
        "action" : "program_request",
        "vsID" : "1191212287126685842117406688891163646834"
}

{"status": "next program", "url": "https://github.com/Apress/beg-cpp/tree/master/9781484200087_Source_Code/Chapter%2013%20code/Chapter%2013/Ex13_04", "vsID": "1191212287126685842117406688891163646834", "from": "128.120.237.147", "time": "Wed Dec  8 20:50:34 2021"}
lloydretro2@campus-048-203 ecs36b_SP_client % mkdir n23
lloydretro2@campus-048-203 ecs36b_SP_client % ./sp_client 169.237.6.102 95599 1191212287126685842117406688891163646834 https://github.com/Apress/beg-cpp/tree/master/9781484200087_Source_Code/Chapter%2013%20code/Chapter%2013/Ex13_04 n23/my.output 
Hi, this is ecs36b program submission agent cyrus -- Wed Dec  8 20:53:52 2021
{
        "action" : "program_submission",
        "output" : "Box() called.\nCarton() called.\nBox(double, double, double) called.\nCarton(double,double,double,string) called.\ncarton volume is 1\ncandyCarton volume is 30000\nCarton destructor. Material = Thin cardboard\nBox destructor\nCarton destructor. Material = Cardboard\nBox destructor\n",
        "program_url" : "https://github.com/Apress/beg-cpp/tree/master/9781484200087_Source_Code/Chapter%2013%20code/Chapter%2013/Ex13_04",
        "vsID" : "1191212287126685842117406688891163646834"
}

{"status": "successful", "vsID": "1191212287126685842117406688891163646834", "from": "128.120.237.147", "time": "Wed Dec  8 20:53:52 2021"}
lloydretro2@campus-048-203 ecs36b_SP_client % ./sp_client 169.237.6.102 95599 1191212287126685842117406688891163646834    Hi, this is ecs36b program submission agent cyrus -- Wed Dec  8 20:53:57 2021
{
        "action" : "program_request",
        "vsID" : "1191212287126685842117406688891163646834"
}

{"status": "next program", "url": "https://github.com/Apress/beg-cpp/tree/master/9781484200087_Source_Code/Chapter%2014%20code/Chapter%2014/Ex14_01", "vsID": "1191212287126685842117406688891163646834", "from": "128.120.237.147", "time": "Wed Dec  8 20:53:57 2021"}
lloydretro2@campus-048-203 ecs36b_SP_client % mkdir n24
lloydretro2@campus-048-203 ecs36b_SP_client % ./sp_client 169.237.6.102 95599 1191212287126685842117406688891163646834 https://github.com/Apress/beg-cpp/tree/master/9781484200087_Source_Code/Chapter%2014%20code/Chapter%2014/Ex14_01 n24/my.output 
Hi, this is ecs36b program submission agent cyrus -- Wed Dec  8 20:55:33 2021
{
        "action" : "program_submission",
        "output" : "Box usable volume is 24000\nBox usable volume is 24000\n",
        "program_url" : "https://github.com/Apress/beg-cpp/tree/master/9781484200087_Source_Code/Chapter%2014%20code/Chapter%2014/Ex14_01",
        "vsID" : "1191212287126685842117406688891163646834"
}

{"status": "successful", "vsID": "1191212287126685842117406688891163646834", "from": "128.120.237.147", "time": "Wed Dec  8 20:55:34 2021"}
lloydretro2@campus-048-203 ecs36b_SP_client % ./sp_client 169.237.6.102 95599 1191212287126685842117406688891163646834Hi, this is ecs36b program submission agent cyrus -- Wed Dec  8 20:55:39 2021
{
        "action" : "program_request",
        "vsID" : "1191212287126685842117406688891163646834"
}

{"status": "next program", "url": "https://github.com/Apress/beg-cpp/tree/master/9781484200087_Source_Code/Chapter%2014%20code/Chapter%2014/Ex14_02", "vsID": "1191212287126685842117406688891163646834", "from": "128.120.237.147", "time": "Wed Dec  8 20:55:39 2021"}
lloydretro2@campus-048-203 ecs36b_SP_client % mkdir n25
lloydretro2@campus-048-203 ecs36b_SP_client % ./sp_client 169.237.6.102 95599 1191212287126685842117406688891163646834 https://github.com/Apress/beg-cpp/tree/master/9781484200087_Source_Code/Chapter%2014%20code/Chapter%2014/Ex14_02 n25/my.output 
Hi, this is ecs36b program submission agent cyrus -- Wed Dec  8 20:57:58 2021
{
        "action" : "program_submission",
        "output" : "Box usable volume is 24000\nBox usable volume is 20400\nBox usable volume is 22722.4\n\nbox volume through pBox is 24000\nBox usable volume is 24000\nhardcase volume through pBox is 20400\nBox usable volume is 20400\ncarton volume through pBox is 22722.4\nBox usable volume is 22722.4\n",
        "program_url" : "https://github.com/Apress/beg-cpp/tree/master/9781484200087_Source_Code/Chapter%2014%20code/Chapter%2014/Ex14_02",
        "vsID" : "1191212287126685842117406688891163646834"
}

{"status": "successful", "vsID": "1191212287126685842117406688891163646834", "from": "128.120.237.147", "time": "Wed Dec  8 20:57:58 2021"}
lloydretro2@campus-048-203 ecs36b_SP_client % ./sp_client 169.237.6.102 95599 1191212287126685842117406688891163646834Hi, this is ecs36b program submission agent cyrus -- Wed Dec  8 20:58:04 2021
{
        "action" : "program_request",
        "vsID" : "1191212287126685842117406688891163646834"
}

{"status": "next program", "url": "https://github.com/Apress/beg-cpp/tree/master/9781484200087_Source_Code/Chapter%2014%20code/Chapter%2014/Ex14_03", "vsID": "1191212287126685842117406688891163646834", "from": "128.120.237.147", "time": "Wed Dec  8 20:58:04 2021"}
lloydretro2@campus-048-203 ecs36b_SP_client % mkdir n26
lloydretro2@campus-048-203 ecs36b_SP_client % ./sp_client 169.237.6.102 95599 1191212287126685842117406688891163646834 https://github.com/Apress/beg-cpp/tree/master/9781484200087_Source_Code/Chapter%2014%20code/Chapter%2014/Ex14_03 n26/my.output 
Hi, this is ecs36b program submission agent cyrus -- Wed Dec  8 20:59:29 2021
{
        "action" : "program_submission",
        "output" : "Box usable volume is 24000\nBox usable volume is 20400\nBox usable volume is 22722.4\n\nbox volume through pBox is 24000\nBox usable volume is 24000\nhardcase volume through pBox is 20400\nBox usable volume is 20400\ncarton volume through pBox is 22722.4\nBox usable volume is 22722.4\n",
        "program_url" : "https://github.com/Apress/beg-cpp/tree/master/9781484200087_Source_Code/Chapter%2014%20code/Chapter%2014/Ex14_03",
        "vsID" : "1191212287126685842117406688891163646834"
}

{"status": "successful", "vsID": "1191212287126685842117406688891163646834", "from": "128.120.237.147", "time": "Wed Dec  8 20:59:29 2021"}
lloydretro2@campus-048-203 ecs36b_SP_client % ./sp_client 169.237.6.102 95599 1191212287126685842117406688891163646834Hi, this is ecs36b program submission agent cyrus -- Wed Dec  8 20:59:56 2021
{
        "action" : "program_request",
        "vsID" : "1191212287126685842117406688891163646834"
}

{"status": "next program", "url": "https://github.com/Apress/beg-cpp/tree/master/9781484200087_Source_Code/Chapter%2014%20code/Chapter%2014/Ex14_04", "vsID": "1191212287126685842117406688891163646834", "from": "128.120.237.147", "time": "Wed Dec  8 20:59:56 2021"}
lloydretro2@campus-048-203 ecs36b_SP_client % mkdir n27
lloydretro2@campus-048-203 ecs36b_SP_client % ./sp_client 169.237.6.102 95599 1191212287126685842117406688891163646834 ttps://github.com/Apress/beg-cpp/tree/master/9781484200087_Source_Code/Chapter%2014%20code/Chapter%2014/Ex14_04 n27/my.output 
Hi, this is ecs36b program submission agent cyrus -- Wed Dec  8 21:01:29 2021
{
        "action" : "program_submission",
        "output" : "Box usable volume is Box parameter = 5\n24000\nBox usable volume is ToughPack parameter = 5\n20400\nBox usable volume is Carton parameter = 5\n22722.4\nhardcase volume is ToughPack parameter = 500\n20400\n\nbox volume through pBox is Box parameter = 5\n24000\nBox usable volume is Box parameter = 5\n24000\nhardcase volume through pBox is ToughPack parameter = 5\n20400\nBox usable volume is ToughPack parameter = 5\n20400\ncarton volume through pBox is Carton parameter = 5\n22722.4\nBox usable volume is Carton parameter = 5\n22722.4\n",
        "program_url" : "ttps://github.com/Apress/beg-cpp/tree/master/9781484200087_Source_Code/Chapter%2014%20code/Chapter%2014/Ex14_04",
        "vsID" : "1191212287126685842117406688891163646834"
}

{"status": "mismatched", "vsID": "1191212287126685842117406688891163646834", "from": "128.120.237.147", "time": "Wed Dec  8 21:01:29 2021"}
lloydretro2@campus-048-203 ecs36b_SP_client % ./sp_client 169.237.6.102 95599 1191212287126685842117406688891163646834 ttps://github.com/Apress/beg-cpp/tree/master/9781484200087_Source_Code/Chapter%2014%20code/Chapter%2014/Ex14_04 n27/my.output
Hi, this is ecs36b program submission agent cyrus -- Wed Dec  8 21:01:45 2021
{
        "action" : "program_submission",
        "output" : "Box usable volume is Box parameter = 5\n24000\nBox usable volume is ToughPack parameter = 5\n20400\nBox usable volume is Carton parameter = 5\n22722.4\nhardcase volume is ToughPack parameter = 500\n20400\n\nbox volume through pBox is Box parameter = 5\n24000\nBox usable volume is Box parameter = 5\n24000\nhardcase volume through pBox is ToughPack parameter = 5\n20400\nBox usable volume is ToughPack parameter = 5\n20400\ncarton volume through pBox is Carton parameter = 5\n22722.4\nBox usable volume is Carton parameter = 5\n22722.4\n",
        "program_url" : "ttps://github.com/Apress/beg-cpp/tree/master/9781484200087_Source_Code/Chapter%2014%20code/Chapter%2014/Ex14_04",
        "vsID" : "1191212287126685842117406688891163646834"
}

{"status": "mismatched", "vsID": "1191212287126685842117406688891163646834", "from": "128.120.237.147", "time": "Wed Dec  8 21:01:45 2021"}
lloydretro2@campus-048-203 ecs36b_SP_client % ./sp_client 169.237.6.102 95599 1191212287126685842117406688891163646834Hi, this is ecs36b program submission agent cyrus -- Wed Dec  8 21:02:40 2021
{
        "action" : "program_request",
        "vsID" : "1191212287126685842117406688891163646834"
}

{"status": "next program", "url": "https://github.com/Apress/beg-cpp/tree/master/9781484200087_Source_Code/Chapter%2014%20code/Chapter%2014/Ex14_04", "vsID": "1191212287126685842117406688891163646834", "from": "128.120.237.147", "time": "Wed Dec  8 21:02:40 2021"}
lloydretro2@campus-048-203 ecs36b_SP_client % ./sp_client 169.237.6.102 95599 1191212287126685842117406688891163646834 https://github.com/Apress/beg-cpp/tree/master/9781484200087_Source_Code/Chapter%2014%20code/Chapter%2014/Ex14_04 n27/my.output 
Hi, this is ecs36b program submission agent cyrus -- Wed Dec  8 21:02:51 2021
{
        "action" : "program_submission",
        "output" : "Box usable volume is Box parameter = 5\n24000\nBox usable volume is ToughPack parameter = 5\n20400\nBox usable volume is Carton parameter = 5\n22722.4\nhardcase volume is ToughPack parameter = 500\n20400\n\nbox volume through pBox is Box parameter = 5\n24000\nBox usable volume is Box parameter = 5\n24000\nhardcase volume through pBox is ToughPack parameter = 5\n20400\nBox usable volume is ToughPack parameter = 5\n20400\ncarton volume through pBox is Carton parameter = 5\n22722.4\nBox usable volume is Carton parameter = 5\n22722.4\n",
        "program_url" : "https://github.com/Apress/beg-cpp/tree/master/9781484200087_Source_Code/Chapter%2014%20code/Chapter%2014/Ex14_04",
        "vsID" : "1191212287126685842117406688891163646834"
}

{"status": "successful", "vsID": "1191212287126685842117406688891163646834", "from": "128.120.237.147", "time": "Wed Dec  8 21:02:51 2021"}
lloydretro2@campus-048-203 ecs36b_SP_client % ./sp_client 169.237.6.102 95599 1191212287126685842117406688891163646834 Hi, this is ecs36b program submission agent cyrus -- Wed Dec  8 21:02:57 2021
{
        "action" : "program_request",
        "vsID" : "1191212287126685842117406688891163646834"
}

{"status": "next program", "url": "https://github.com/Apress/beg-cpp/tree/master/9781484200087_Source_Code/Chapter%2014%20code/Chapter%2014/Ex14_05", "vsID": "1191212287126685842117406688891163646834", "from": "128.120.237.147", "time": "Wed Dec  8 21:02:57 2021"}
lloydretro2@campus-048-203 ecs36b_SP_client % mkdir n28
lloydretro2@campus-048-203 ecs36b_SP_client % ./sp_client 169.237.6.102 95599 1191212287126685842117406688891163646834 https://github.com/Apress/beg-cpp/tree/master/9781484200087_Source_Code/Chapter%2014%20code/Chapter%2014/Ex14_05 n28/my.output 
Hi, this is ecs36b program submission agent cyrus -- Wed Dec  8 21:04:25 2021
{
        "action" : "program_submission",
        "output" : "Box usable volume is 24000\nBox usable volume is 20400\nBox usable volume is 22722.4\n",
        "program_url" : "https://github.com/Apress/beg-cpp/tree/master/9781484200087_Source_Code/Chapter%2014%20code/Chapter%2014/Ex14_05",
        "vsID" : "1191212287126685842117406688891163646834"
}

{"status": "successful", "vsID": "1191212287126685842117406688891163646834", "from": "128.120.237.147", "time": "Wed Dec  8 21:04:25 2021"}
lloydretro2@campus-048-203 ecs36b_SP_client % ./sp_client 169.237.6.102 95599 1191212287126685842117406688891163646834Hi, this is ecs36b program submission agent cyrus -- Wed Dec  8 21:04:28 2021
{
        "action" : "program_request",
        "vsID" : "1191212287126685842117406688891163646834"
}

{"status": "next program", "url": "https://github.com/Apress/beg-cpp/tree/master/9781484200087_Source_Code/Chapter%2014%20code/Chapter%2014/Ex14_06", "vsID": "1191212287126685842117406688891163646834", "from": "128.120.237.147", "time": "Wed Dec  8 21:04:28 2021"}
lloydretro2@campus-048-203 ecs36b_SP_client % mkdir 29
lloydretro2@campus-048-203 ecs36b_SP_client % mkdir n29
lloydretro2@campus-048-203 ecs36b_SP_client % ./sp_client 169.237.6.102 95599 1191212287126685842117406688891163646834 https://github.com/Apress/beg-cpp/tree/master/9781484200087_Source_Code/Chapter%2014%20code/Chapter%2014/Ex14_06 n29/my.output 
Hi, this is ecs36b program submission agent cyrus -- Wed Dec  8 21:06:08 2021
{
        "action" : "program_submission",
        "output" : "Box usable volume is 24000\nBox usable volume is 20400\nBox usable volume is 22722.4\n",
        "program_url" : "https://github.com/Apress/beg-cpp/tree/master/9781484200087_Source_Code/Chapter%2014%20code/Chapter%2014/Ex14_06",
        "vsID" : "1191212287126685842117406688891163646834"
}

{"status": "successful", "vsID": "1191212287126685842117406688891163646834", "from": "128.120.237.147", "time": "Wed Dec  8 21:06:08 2021"}
lloydretro2@campus-048-203 ecs36b_SP_client % ./sp_client 169.237.6.102 95599 1191212287126685842117406688891163646834Hi, this is ecs36b program submission agent cyrus -- Wed Dec  8 21:06:12 2021
{
        "action" : "program_request",
        "vsID" : "1191212287126685842117406688891163646834"
}

{"status": "next program", "url": "https://github.com/Apress/beg-cpp/tree/master/9781484200087_Source_Code/Chapter%2014%20code/Chapter%2014/Ex14_07", "vsID": "1191212287126685842117406688891163646834", "from": "128.120.237.147", "time": "Wed Dec  8 21:06:12 2021"}
lloydretro2@campus-048-203 ecs36b_SP_client % mkdir n30
lloydretro2@campus-048-203 ecs36b_SP_client % ./sp_client 169.237.6.102 95599 1191212287126685842117406688891163646834 https://github.com/Apress/beg-cpp/tree/master/9781484200087_Source_Code/Chapter%2014%20code/Chapter%2014/Ex14_07 n30/my.output 
Hi, this is ecs36b program submission agent cyrus -- Wed Dec  8 21:07:56 2021
{
        "action" : "program_submission",
        "output" : "hardcase volume is 20400\ncarton volume is 22722.4\n",
        "program_url" : "https://github.com/Apress/beg-cpp/tree/master/9781484200087_Source_Code/Chapter%2014%20code/Chapter%2014/Ex14_07",
        "vsID" : "1191212287126685842117406688891163646834"
}

{"status": "successful", "vsID": "1191212287126685842117406688891163646834", "from": "128.120.237.147", "time": "Wed Dec  8 21:07:56 2021"}
lloydretro2@campus-048-203 ecs36b_SP_client % ./sp_client 169.237.6.102 95599 1191212287126685842117406688891163646834Hi, this is ecs36b program submission agent cyrus -- Wed Dec  8 21:07:59 2021
{
        "action" : "program_request",
        "vsID" : "1191212287126685842117406688891163646834"
}

{"status": "next program", "url": "https://github.com/Apress/beg-cpp/tree/master/9781484200087_Source_Code/Chapter%2014%20code/Chapter%2014/Ex14_08", "vsID": "1191212287126685842117406688891163646834", "from": "128.120.237.147", "time": "Wed Dec  8 21:07:59 2021"}
lloydretro2@campus-048-203 ecs36b_SP_client % mkdir n31
lloydretro2@campus-048-203 ecs36b_SP_client % ./sp_client 169.237.6.102 95599 1191212287126685842117406688891163646834 https://github.com/Apress/beg-cpp/tree/master/9781484200087_Source_Code/Chapter%2014%20code/Chapter%2014/Ex14_08 n31/my.output 
Hi, this is ecs36b program submission agent cyrus -- Wed Dec  8 21:10:11 2021
{
        "action" : "program_submission",
        "output" : "Volume is 24000\nVolume is 235.619\nVolume is 22722.4\nVolume is 20400\n",
        "program_url" : "https://github.com/Apress/beg-cpp/tree/master/9781484200087_Source_Code/Chapter%2014%20code/Chapter%2014/Ex14_08",
        "vsID" : "1191212287126685842117406688891163646834"
}

{"status": "successful", "vsID": "1191212287126685842117406688891163646834", "from": "128.120.237.147", "time": "Wed Dec  8 21:10:11 2021"}
lloydretro2@campus-048-203 ecs36b_SP_client % mkdir n32
lloydretro2@campus-048-203 ecs36b_SP_client % ./sp_client 169.237.6.102 95599 1191212287126685842117406688891163646834Hi, this is ecs36b program submission agent cyrus -- Wed Dec  8 21:10:30 2021
{
        "action" : "program_request",
        "vsID" : "1191212287126685842117406688891163646834"
}

{"status": "next program", "url": "https://github.com/Apress/beg-cpp/tree/master/9781484200087_Source_Code/Chapter%2014%20code/Chapter%2014/Ex14_09", "vsID": "1191212287126685842117406688891163646834", "from": "128.120.237.147", "time": "Wed Dec  8 21:10:30 2021"}
lloydretro2@campus-048-203 ecs36b_SP_client % ./sp_client 169.237.6.102 95599 1191212287126685842117406688891163646834 https://github.com/Apress/beg-cpp/tree/master/9781484200087_Source_Code/Chapter%2014%20code/Chapter%2014/Ex14_09 n32/my.output 
Hi, this is ecs36b program submission agent cyrus -- Wed Dec  8 21:12:47 2021
{
        "action" : "program_submission",
        "output" : "Volume is 24000\nVolume is 235.619\nVolume is 22722.4\nVolume is 20400\n",
        "program_url" : "https://github.com/Apress/beg-cpp/tree/master/9781484200087_Source_Code/Chapter%2014%20code/Chapter%2014/Ex14_09",
        "vsID" : "1191212287126685842117406688891163646834"
}

{"status": "successful", "vsID": "1191212287126685842117406688891163646834", "from": "128.120.237.147", "time": "Wed Dec  8 21:12:47 2021"}
lloydretro2@campus-048-203 ecs36b_SP_client % ./sp_client 169.237.6.102 95599 1191212287126685842117406688891163646834 Hi, this is ecs36b program submission agent cyrus -- Wed Dec  8 21:12:50 2021
{
        "action" : "program_request",
        "vsID" : "1191212287126685842117406688891163646834"
}

{"status": "all done", "vsID": "1191212287126685842117406688891163646834", "from": "128.120.237.147", "time": "Wed Dec  8 21:12:50 2021"}
lloydretro2@campus-048-203 ecs36b_SP_client % 